Archive member included to satisfy reference by file (symbol)

c:/st/stm32cubeide_1.4.0/stm32cubeide/plugins/com.st.stm32cube.ide.mcu.externaltools.gnu-tools-for-stm32.7-2018-q2-update.win32_1.4.0.202007081208/tools/bin/../lib/gcc/arm-none-eabi/7.3.1/../../../../arm-none-eabi/lib/thumb/v6-m\libc_nano.a(lib_a-errno.o)
                              Core/Src/syscalls.o (__errno)
c:/st/stm32cubeide_1.4.0/stm32cubeide/plugins/com.st.stm32cube.ide.mcu.externaltools.gnu-tools-for-stm32.7-2018-q2-update.win32_1.4.0.202007081208/tools/bin/../lib/gcc/arm-none-eabi/7.3.1/../../../../arm-none-eabi/lib/thumb/v6-m\libc_nano.a(lib_a-exit.o)
                              c:/st/stm32cubeide_1.4.0/stm32cubeide/plugins/com.st.stm32cube.ide.mcu.externaltools.gnu-tools-for-stm32.7-2018-q2-update.win32_1.4.0.202007081208/tools/bin/../lib/gcc/arm-none-eabi/7.3.1/../../../../arm-none-eabi/lib/thumb/v6-m/crt0.o (exit)
c:/st/stm32cubeide_1.4.0/stm32cubeide/plugins/com.st.stm32cube.ide.mcu.externaltools.gnu-tools-for-stm32.7-2018-q2-update.win32_1.4.0.202007081208/tools/bin/../lib/gcc/arm-none-eabi/7.3.1/../../../../arm-none-eabi/lib/thumb/v6-m\libc_nano.a(lib_a-impure.o)
                              c:/st/stm32cubeide_1.4.0/stm32cubeide/plugins/com.st.stm32cube.ide.mcu.externaltools.gnu-tools-for-stm32.7-2018-q2-update.win32_1.4.0.202007081208/tools/bin/../lib/gcc/arm-none-eabi/7.3.1/../../../../arm-none-eabi/lib/thumb/v6-m\libc_nano.a(lib_a-exit.o) (_global_impure_ptr)
c:/st/stm32cubeide_1.4.0/stm32cubeide/plugins/com.st.stm32cube.ide.mcu.externaltools.gnu-tools-for-stm32.7-2018-q2-update.win32_1.4.0.202007081208/tools/bin/../lib/gcc/arm-none-eabi/7.3.1/../../../../arm-none-eabi/lib/thumb/v6-m\libc_nano.a(lib_a-init.o)
                              c:/st/stm32cubeide_1.4.0/stm32cubeide/plugins/com.st.stm32cube.ide.mcu.externaltools.gnu-tools-for-stm32.7-2018-q2-update.win32_1.4.0.202007081208/tools/bin/../lib/gcc/arm-none-eabi/7.3.1/../../../../arm-none-eabi/lib/thumb/v6-m/crt0.o (__libc_init_array)
c:/st/stm32cubeide_1.4.0/stm32cubeide/plugins/com.st.stm32cube.ide.mcu.externaltools.gnu-tools-for-stm32.7-2018-q2-update.win32_1.4.0.202007081208/tools/bin/../lib/gcc/arm-none-eabi/7.3.1/../../../../arm-none-eabi/lib/thumb/v6-m\libc_nano.a(lib_a-memset.o)
                              c:/st/stm32cubeide_1.4.0/stm32cubeide/plugins/com.st.stm32cube.ide.mcu.externaltools.gnu-tools-for-stm32.7-2018-q2-update.win32_1.4.0.202007081208/tools/bin/../lib/gcc/arm-none-eabi/7.3.1/../../../../arm-none-eabi/lib/thumb/v6-m/crt0.o (memset)
c:/st/stm32cubeide_1.4.0/stm32cubeide/plugins/com.st.stm32cube.ide.mcu.externaltools.gnu-tools-for-stm32.7-2018-q2-update.win32_1.4.0.202007081208/tools/bin/../lib/gcc/arm-none-eabi/7.3.1/thumb/v6-m\libgcc.a(_udivsi3.o)
                              Core/Src/system_stm32f0xx.o (__aeabi_uidiv)
c:/st/stm32cubeide_1.4.0/stm32cubeide/plugins/com.st.stm32cube.ide.mcu.externaltools.gnu-tools-for-stm32.7-2018-q2-update.win32_1.4.0.202007081208/tools/bin/../lib/gcc/arm-none-eabi/7.3.1/thumb/v6-m\libgcc.a(_dvmd_tls.o)
                              c:/st/stm32cubeide_1.4.0/stm32cubeide/plugins/com.st.stm32cube.ide.mcu.externaltools.gnu-tools-for-stm32.7-2018-q2-update.win32_1.4.0.202007081208/tools/bin/../lib/gcc/arm-none-eabi/7.3.1/thumb/v6-m\libgcc.a(_udivsi3.o) (__aeabi_idiv0)

Allocating common symbols
Common symbol       size              file

uwTick              0x4               Drivers/STM32F0xx_HAL_Driver/Src/stm32f0xx_hal.o
pFlash              0x20              Drivers/STM32F0xx_HAL_Driver/Src/stm32f0xx_hal_flash.o

Discarded input sections

 .text          0x0000000000000000        0x0 c:/st/stm32cubeide_1.4.0/stm32cubeide/plugins/com.st.stm32cube.ide.mcu.externaltools.gnu-tools-for-stm32.7-2018-q2-update.win32_1.4.0.202007081208/tools/bin/../lib/gcc/arm-none-eabi/7.3.1/thumb/v6-m/crti.o
 .data          0x0000000000000000        0x0 c:/st/stm32cubeide_1.4.0/stm32cubeide/plugins/com.st.stm32cube.ide.mcu.externaltools.gnu-tools-for-stm32.7-2018-q2-update.win32_1.4.0.202007081208/tools/bin/../lib/gcc/arm-none-eabi/7.3.1/thumb/v6-m/crti.o
 .bss           0x0000000000000000        0x0 c:/st/stm32cubeide_1.4.0/stm32cubeide/plugins/com.st.stm32cube.ide.mcu.externaltools.gnu-tools-for-stm32.7-2018-q2-update.win32_1.4.0.202007081208/tools/bin/../lib/gcc/arm-none-eabi/7.3.1/thumb/v6-m/crti.o
 .data          0x0000000000000000        0x4 c:/st/stm32cubeide_1.4.0/stm32cubeide/plugins/com.st.stm32cube.ide.mcu.externaltools.gnu-tools-for-stm32.7-2018-q2-update.win32_1.4.0.202007081208/tools/bin/../lib/gcc/arm-none-eabi/7.3.1/thumb/v6-m/crtbegin.o
 .text          0x0000000000000000       0x78 c:/st/stm32cubeide_1.4.0/stm32cubeide/plugins/com.st.stm32cube.ide.mcu.externaltools.gnu-tools-for-stm32.7-2018-q2-update.win32_1.4.0.202007081208/tools/bin/../lib/gcc/arm-none-eabi/7.3.1/../../../../arm-none-eabi/lib/thumb/v6-m/crt0.o
[...]
Memory Configuration

Name             Origin             Length             Attributes
RAM              0x0000000020000000 0x0000000000001800 xrw
FLASH            0x0000000008000000 0x0000000000004000 xr
*default*        0x0000000000000000 0xffffffffffffffff

Linker script and memory map

LOAD c:/st/stm32cubeide_1.4.0/stm32cubeide/plugins/com.st.stm32cube.ide.mcu.externaltools.gnu-tools-for-stm32.7-2018-q2-update.win32_1.4.0.202007081208/tools/bin/../lib/gcc/arm-none-eabi/7.3.1/thumb/v6-m/crti.o
LOAD c:/st/stm32cubeide_1.4.0/stm32cubeide/plugins/com.st.stm32cube.ide.mcu.externaltools.gnu-tools-for-stm32.7-2018-q2-update.win32_1.4.0.202007081208/tools/bin/../lib/gcc/arm-none-eabi/7.3.1/thumb/v6-m/crtbegin.o
LOAD c:/st/stm32cubeide_1.4.0/stm32cubeide/plugins/com.st.stm32cube.ide.mcu.externaltools.gnu-tools-for-stm32.7-2018-q2-update.win32_1.4.0.202007081208/tools/bin/../lib/gcc/arm-none-eabi/7.3.1/../../../../arm-none-eabi/lib/thumb/v6-m/crt0.o
LOAD Core/Src/main.o
LOAD Core/Src/stm32f0xx_hal_msp.o
LOAD Core/Src/stm32f0xx_it.o
LOAD Core/Src/syscalls.o
LOAD Core/Src/sysmem.o
LOAD Core/Src/system_stm32f0xx.o
LOAD Core/Startup/startup_stm32f042c4tx.o
LOAD Drivers/STM32F0xx_HAL_Driver/Src/stm32f0xx_hal.o
LOAD Drivers/STM32F0xx_HAL_Driver/Src/stm32f0xx_hal_cortex.o
LOAD Drivers/STM32F0xx_HAL_Driver/Src/stm32f0xx_hal_dma.o
LOAD Drivers/STM32F0xx_HAL_Driver/Src/stm32f0xx_hal_exti.o
LOAD Drivers/STM32F0xx_HAL_Driver/Src/stm32f0xx_hal_flash.o
LOAD Drivers/STM32F0xx_HAL_Driver/Src/stm32f0xx_hal_flash_ex.o
LOAD Drivers/STM32F0xx_HAL_Driver/Src/stm32f0xx_hal_gpio.o
LOAD Drivers/STM32F0xx_HAL_Driver/Src/stm32f0xx_hal_i2c.o
LOAD Drivers/STM32F0xx_HAL_Driver/Src/stm32f0xx_hal_i2c_ex.o
LOAD Drivers/STM32F0xx_HAL_Driver/Src/stm32f0xx_hal_pwr.o
LOAD Drivers/STM32F0xx_HAL_Driver/Src/stm32f0xx_hal_pwr_ex.o
LOAD Drivers/STM32F0xx_HAL_Driver/Src/stm32f0xx_hal_rcc.o
LOAD Drivers/STM32F0xx_HAL_Driver/Src/stm32f0xx_hal_rcc_ex.o
LOAD Drivers/STM32F0xx_HAL_Driver/Src/stm32f0xx_hal_tim.o
LOAD Drivers/STM32F0xx_HAL_Driver/Src/stm32f0xx_hal_tim_ex.o
START GROUP
LOAD c:/st/stm32cubeide_1.4.0/stm32cubeide/plugins/com.st.stm32cube.ide.mcu.externaltools.gnu-tools-for-stm32.7-2018-q2-update.win32_1.4.0.202007081208/tools/bin/../lib/gcc/arm-none-eabi/7.3.1/../../../../arm-none-eabi/lib/thumb/v6-m\libc_nano.a
LOAD c:/st/stm32cubeide_1.4.0/stm32cubeide/plugins/com.st.stm32cube.ide.mcu.externaltools.gnu-tools-for-stm32.7-2018-q2-update.win32_1.4.0.202007081208/tools/bin/../lib/gcc/arm-none-eabi/7.3.1/../../../../arm-none-eabi/lib/thumb/v6-m\libm.a
END GROUP
START GROUP
LOAD c:/st/stm32cubeide_1.4.0/stm32cubeide/plugins/com.st.stm32cube.ide.mcu.externaltools.gnu-tools-for-stm32.7-2018-q2-update.win32_1.4.0.202007081208/tools/bin/../lib/gcc/arm-none-eabi/7.3.1/thumb/v6-m\libgcc.a
LOAD c:/st/stm32cubeide_1.4.0/stm32cubeide/plugins/com.st.stm32cube.ide.mcu.externaltools.gnu-tools-for-stm32.7-2018-q2-update.win32_1.4.0.202007081208/tools/bin/../lib/gcc/arm-none-eabi/7.3.1/../../../../arm-none-eabi/lib/thumb/v6-m\libc_nano.a
END GROUP
START GROUP
LOAD c:/st/stm32cubeide_1.4.0/stm32cubeide/plugins/com.st.stm32cube.ide.mcu.externaltools.gnu-tools-for-stm32.7-2018-q2-update.win32_1.4.0.202007081208/tools/bin/../lib/gcc/arm-none-eabi/7.3.1/thumb/v6-m\libgcc.a
LOAD c:/st/stm32cubeide_1.4.0/stm32cubeide/plugins/com.st.stm32cube.ide.mcu.externaltools.gnu-tools-for-stm32.7-2018-q2-update.win32_1.4.0.202007081208/tools/bin/../lib/gcc/arm-none-eabi/7.3.1/../../../../arm-none-eabi/lib/thumb/v6-m\libc_nano.a
LOAD c:/st/stm32cubeide_1.4.0/stm32cubeide/plugins/com.st.stm32cube.ide.mcu.externaltools.gnu-tools-for-stm32.7-2018-q2-update.win32_1.4.0.202007081208/tools/bin/../lib/gcc/arm-none-eabi/7.3.1/../../../../arm-none-eabi/lib/thumb/v6-m\libnosys.a
END GROUP
START GROUP
LOAD c:/st/stm32cubeide_1.4.0/stm32cubeide/plugins/com.st.stm32cube.ide.mcu.externaltools.gnu-tools-for-stm32.7-2018-q2-update.win32_1.4.0.202007081208/tools/bin/../lib/gcc/arm-none-eabi/7.3.1/thumb/v6-m\libgcc.a
LOAD c:/st/stm32cubeide_1.4.0/stm32cubeide/plugins/com.st.stm32cube.ide.mcu.externaltools.gnu-tools-for-stm32.7-2018-q2-update.win32_1.4.0.202007081208/tools/bin/../lib/gcc/arm-none-eabi/7.3.1/../../../../arm-none-eabi/lib/thumb/v6-m\libc_nano.a
LOAD c:/st/stm32cubeide_1.4.0/stm32cubeide/plugins/com.st.stm32cube.ide.mcu.externaltools.gnu-tools-for-stm32.7-2018-q2-update.win32_1.4.0.202007081208/tools/bin/../lib/gcc/arm-none-eabi/7.3.1/../../../../arm-none-eabi/lib/thumb/v6-m\libnosys.a
END GROUP
LOAD c:/st/stm32cubeide_1.4.0/stm32cubeide/plugins/com.st.stm32cube.ide.mcu.externaltools.gnu-tools-for-stm32.7-2018-q2-update.win32_1.4.0.202007081208/tools/bin/../lib/gcc/arm-none-eabi/7.3.1/thumb/v6-m/crtend.o
LOAD c:/st/stm32cubeide_1.4.0/stm32cubeide/plugins/com.st.stm32cube.ide.mcu.externaltools.gnu-tools-for-stm32.7-2018-q2-update.win32_1.4.0.202007081208/tools/bin/../lib/gcc/arm-none-eabi/7.3.1/thumb/v6-m/crtn.o
                0x0000000020001800                _estack = (ORIGIN (RAM) + LENGTH (RAM))
                0x0000000000000200                _Min_Heap_Size = 0x200
                0x0000000000000400                _Min_Stack_Size = 0x400

.isr_vector     0x0000000008000000       0xc0
                0x0000000008000000                . = ALIGN (0x4)
 *(.isr_vector)
 .isr_vector    0x0000000008000000       0xc0 Core/Startup/startup_stm32f042c4tx.o
                0x0000000008000000                g_pfnVectors
                0x00000000080000c0                . = ALIGN (0x4)

.text           0x00000000080000c0      0x214
                0x00000000080000c0                . = ALIGN (0x4)
 *(.text)
 .text          0x00000000080000c0       0x48 c:/st/stm32cubeide_1.4.0/stm32cubeide/plugins/com.st.stm32cube.ide.mcu.externaltools.gnu-tools-for-stm32.7-2018-q2-update.win32_1.4.0.202007081208/tools/bin/../lib/gcc/arm-none-eabi/7.3.1/thumb/v6-m/crtbegin.o
 *(.text*)
 .text.main     0x0000000008000108       0x88 Core/Src/main.o
                0x0000000008000108                main
 .text.NMI_Handler
                0x0000000008000190        0xa Core/Src/stm32f0xx_it.o
                0x0000000008000190                NMI_Handler
 .text.HardFault_Handler
                0x000000000800019a        0x6 Core/Src/stm32f0xx_it.o
                0x000000000800019a                HardFault_Handler
 .text.SVC_Handler
                0x00000000080001a0        0xa Core/Src/stm32f0xx_it.o
                0x00000000080001a0                SVC_Handler
 .text.PendSV_Handler
                0x00000000080001aa        0xa Core/Src/stm32f0xx_it.o
                0x00000000080001aa                PendSV_Handler
 .text.SysTick_Handler
                0x00000000080001b4        0xe Core/Src/stm32f0xx_it.o
                0x00000000080001b4                SysTick_Handler
 .text.SystemInit
                0x00000000080001c2        0xa Core/Src/system_stm32f0xx.o
                0x00000000080001c2                SystemInit
 .text.Reset_Handler
                0x00000000080001cc       0x80 Core/Startup/startup_stm32f042c4tx.o
                0x00000000080001cc                Reset_Handler
 .text.Default_Handler
                0x000000000800024c        0x2 Core/Startup/startup_stm32f042c4tx.o
                0x000000000800024c                TIM1_CC_IRQHandler
                0x000000000800024c                TSC_IRQHandler
                0x000000000800024c                I2C1_IRQHandler
                0x000000000800024c                RCC_CRS_IRQHandler
                0x000000000800024c                SPI1_IRQHandler
                0x000000000800024c                EXTI2_3_IRQHandler
                0x000000000800024c                ADC1_IRQHandler
                0x000000000800024c                TIM17_IRQHandler
                0x000000000800024c                CEC_CAN_IRQHandler
                0x000000000800024c                RTC_IRQHandler
                0x000000000800024c                PVD_VDDIO2_IRQHandler
                0x000000000800024c                TIM16_IRQHandler
                0x000000000800024c                TIM3_IRQHandler
                0x000000000800024c                EXTI4_15_IRQHandler
                0x000000000800024c                DMA1_Channel1_IRQHandler
                0x000000000800024c                Default_Handler
                0x000000000800024c                TIM14_IRQHandler
                0x000000000800024c                DMA1_Channel4_5_IRQHandler
                0x000000000800024c                EXTI0_1_IRQHandler
                0x000000000800024c                USB_IRQHandler
                0x000000000800024c                SPI2_IRQHandler
                0x000000000800024c                WWDG_IRQHandler
                0x000000000800024c                TIM2_IRQHandler
                0x000000000800024c                DMA1_Channel2_3_IRQHandler
                0x000000000800024c                USART2_IRQHandler
                0x000000000800024c                FLASH_IRQHandler
                0x000000000800024c                USART1_IRQHandler
                0x000000000800024c                TIM1_BRK_UP_TRG_COM_IRQHandler
 *fill*         0x000000000800024e        0x2 
 .text.HAL_IncTick
                0x0000000008000250       0x24 Drivers/STM32F0xx_HAL_Driver/Src/stm32f0xx_hal.o
                0x0000000008000250                HAL_IncTick
 .text.__libc_init_array
                0x0000000008000274       0x48 c:/st/stm32cubeide_1.4.0/stm32cubeide/plugins/com.st.stm32cube.ide.mcu.externaltools.gnu-tools-for-stm32.7-2018-q2-update.win32_1.4.0.202007081208/tools/bin/../lib/gcc/arm-none-eabi/7.3.1/../../../../arm-none-eabi/lib/thumb/v6-m\libc_nano.a(lib_a-init.o)
                0x0000000008000274                __libc_init_array
 *(.glue_7)
 .glue_7        0x00000000080002bc        0x0 linker stubs
 *(.glue_7t)
 .glue_7t       0x00000000080002bc        0x0 linker stubs
 *(.eh_frame)
 .eh_frame      0x00000000080002bc        0x0 c:/st/stm32cubeide_1.4.0/stm32cubeide/plugins/com.st.stm32cube.ide.mcu.externaltools.gnu-tools-for-stm32.7-2018-q2-update.win32_1.4.0.202007081208/tools/bin/../lib/gcc/arm-none-eabi/7.3.1/thumb/v6-m/crtbegin.o
 *(.init)
 .init          0x00000000080002bc        0x4 c:/st/stm32cubeide_1.4.0/stm32cubeide/plugins/com.st.stm32cube.ide.mcu.externaltools.gnu-tools-for-stm32.7-2018-q2-update.win32_1.4.0.202007081208/tools/bin/../lib/gcc/arm-none-eabi/7.3.1/thumb/v6-m/crti.o
                0x00000000080002bc                _init
 .init          0x00000000080002c0        0x8 c:/st/stm32cubeide_1.4.0/stm32cubeide/plugins/com.st.stm32cube.ide.mcu.externaltools.gnu-tools-for-stm32.7-2018-q2-update.win32_1.4.0.202007081208/tools/bin/../lib/gcc/arm-none-eabi/7.3.1/thumb/v6-m/crtn.o
 *(.fini)
 .fini          0x00000000080002c8        0x4 c:/st/stm32cubeide_1.4.0/stm32cubeide/plugins/com.st.stm32cube.ide.mcu.externaltools.gnu-tools-for-stm32.7-2018-q2-update.win32_1.4.0.202007081208/tools/bin/../lib/gcc/arm-none-eabi/7.3.1/thumb/v6-m/crti.o
                0x00000000080002c8                _fini
 .fini          0x00000000080002cc        0x8 c:/st/stm32cubeide_1.4.0/stm32cubeide/plugins/com.st.stm32cube.ide.mcu.externaltools.gnu-tools-for-stm32.7-2018-q2-update.win32_1.4.0.202007081208/tools/bin/../lib/gcc/arm-none-eabi/7.3.1/thumb/v6-m/crtn.o
                0x00000000080002d4                . = ALIGN (0x4)
                0x00000000080002d4                _etext = .

.vfp11_veneer   0x00000000080002d4        0x0
 .vfp11_veneer  0x00000000080002d4        0x0 linker stubs

.v4_bx          0x00000000080002d4        0x0
 .v4_bx         0x00000000080002d4        0x0 linker stubs

.iplt           0x00000000080002d4        0x0
 .iplt          0x00000000080002d4        0x0 c:/st/stm32cubeide_1.4.0/stm32cubeide/plugins/com.st.stm32cube.ide.mcu.externaltools.gnu-tools-for-stm32.7-2018-q2-update.win32_1.4.0.202007081208/tools/bin/../lib/gcc/arm-none-eabi/7.3.1/thumb/v6-m/crtbegin.o

.rel.dyn        0x00000000080002d4        0x0
 .rel.iplt      0x00000000080002d4        0x0 c:/st/stm32cubeide_1.4.0/stm32cubeide/plugins/com.st.stm32cube.ide.mcu.externaltools.gnu-tools-for-stm32.7-2018-q2-update.win32_1.4.0.202007081208/tools/bin/../lib/gcc/arm-none-eabi/7.3.1/thumb/v6-m/crtbegin.o

.rodata         0x00000000080002d4        0x0
                0x00000000080002d4                . = ALIGN (0x4)
 *(.rodata)
 *(.rodata*)
                0x00000000080002d4                . = ALIGN (0x4)

.ARM.extab      0x00000000080002d4        0x0
                0x00000000080002d4                . = ALIGN (0x4)
 *(.ARM.extab* .gnu.linkonce.armextab.*)
                0x00000000080002d4                . = ALIGN (0x4)

.ARM            0x00000000080002d4        0x0
                0x00000000080002d4                . = ALIGN (0x4)
                0x00000000080002d4                __exidx_start = .
 *(.ARM.exidx*)
                0x00000000080002d4                __exidx_end = .
                0x00000000080002d4                . = ALIGN (0x4)

.preinit_array  0x00000000080002d4        0x0
                0x00000000080002d4                . = ALIGN (0x4)
                0x00000000080002d4                PROVIDE (__preinit_array_start = .)
 *(.preinit_array*)
                0x00000000080002d4                PROVIDE (__preinit_array_end = .)
                0x00000000080002d4                . = ALIGN (0x4)

.init_array     0x00000000080002d4        0x4
                0x00000000080002d4                . = ALIGN (0x4)
                0x00000000080002d4                PROVIDE (__init_array_start = .)
 *(SORT_BY_NAME(.init_array.*))
 *(.init_array*)
 .init_array    0x00000000080002d4        0x4 c:/st/stm32cubeide_1.4.0/stm32cubeide/plugins/com.st.stm32cube.ide.mcu.externaltools.gnu-tools-for-stm32.7-2018-q2-update.win32_1.4.0.202007081208/tools/bin/../lib/gcc/arm-none-eabi/7.3.1/thumb/v6-m/crtbegin.o
                0x00000000080002d8                PROVIDE (__init_array_end = .)
                0x00000000080002d8                . = ALIGN (0x4)

.fini_array     0x00000000080002d8        0x4
                0x00000000080002d8                . = ALIGN (0x4)
                [!provide]                        PROVIDE (__fini_array_start = .)
 *(SORT_BY_NAME(.fini_array.*))
 *(.fini_array*)
 .fini_array    0x00000000080002d8        0x4 c:/st/stm32cubeide_1.4.0/stm32cubeide/plugins/com.st.stm32cube.ide.mcu.externaltools.gnu-tools-for-stm32.7-2018-q2-update.win32_1.4.0.202007081208/tools/bin/../lib/gcc/arm-none-eabi/7.3.1/thumb/v6-m/crtbegin.o
                [!provide]                        PROVIDE (__fini_array_end = .)
                0x00000000080002dc                . = ALIGN (0x4)
                0x00000000080002dc                _sidata = LOADADDR (.data)

.data           0x0000000020000000        0x8 load address 0x00000000080002dc
                0x0000000020000000                . = ALIGN (0x4)
                0x0000000020000000                _sdata = .
 *(.data)
 *(.data*)
 .data.R_ODR    0x0000000020000000        0x4 Core/Src/main.o
                0x0000000020000000                R_ODR
 .data.uwTickFreq
                0x0000000020000004        0x1 Drivers/STM32F0xx_HAL_Driver/Src/stm32f0xx_hal.o
                0x0000000020000004                uwTickFreq
                0x0000000020000008                . = ALIGN (0x4)
 *fill*         0x0000000020000005        0x3 
                0x0000000020000008                _edata = .

.igot.plt       0x0000000020000008        0x0 load address 0x00000000080002e4
 .igot.plt      0x0000000020000008        0x0 c:/st/stm32cubeide_1.4.0/stm32cubeide/plugins/com.st.stm32cube.ide.mcu.externaltools.gnu-tools-for-stm32.7-2018-q2-update.win32_1.4.0.202007081208/tools/bin/../lib/gcc/arm-none-eabi/7.3.1/thumb/v6-m/crtbegin.o
                0x0000000020000008                . = ALIGN (0x4)

.bss            0x0000000020000008       0x20 load address 0x00000000080002e4
                0x0000000020000008                _sbss = .
                0x0000000020000008                __bss_start__ = _sbss
 *(.bss)
 .bss           0x0000000020000008       0x1c c:/st/stm32cubeide_1.4.0/stm32cubeide/plugins/com.st.stm32cube.ide.mcu.externaltools.gnu-tools-for-stm32.7-2018-q2-update.win32_1.4.0.202007081208/tools/bin/../lib/gcc/arm-none-eabi/7.3.1/thumb/v6-m/crtbegin.o
 *(.bss*)
 *(COMMON)
 COMMON         0x0000000020000024        0x4 Drivers/STM32F0xx_HAL_Driver/Src/stm32f0xx_hal.o
                0x0000000020000024                uwTick
                0x0000000020000028                . = ALIGN (0x4)
                0x0000000020000028                _ebss = .
                0x0000000020000028                __bss_end__ = _ebss

._user_heap_stack
                0x0000000020000028      0x600 load address 0x00000000080002e4
                0x0000000020000028                . = ALIGN (0x8)
                [!provide]                        PROVIDE (end = .)
                0x0000000020000028                PROVIDE (_end = .)
                0x0000000020000228                . = (. + _Min_Heap_Size)
 *fill*         0x0000000020000028      0x200 
                0x0000000020000628                . = (. + _Min_Stack_Size)
 *fill*         0x0000000020000228      0x400 
                0x0000000020000628                . = ALIGN (0x8)

/DISCARD/
 libc.a(*)
 libm.a(*)
 libgcc.a(*)

.ARM.attributes
                0x0000000000000000       0x28
 *(.ARM.attributes)
 .ARM.attributes
                0x0000000000000000       0x1e c:/st/stm32cubeide_1.4.0/stm32cubeide/plugins/com.st.stm32cube.ide.mcu.externaltools.gnu-tools-for-stm32.7-2018-q2-update.win32_1.4.0.202007081208/tools/bin/../lib/gcc/arm-none-eabi/7.3.1/thumb/v6-m/crti.o
 .ARM.attributes
                0x000000000000001e       0x2c c:/st/stm32cubeide_1.4.0/stm32cubeide/plugins/com.st.stm32cube.ide.mcu.externaltools.gnu-tools-for-stm32.7-2018-q2-update.win32_1.4.0.202007081208/tools/bin/../lib/gcc/arm-none-eabi/7.3.1/thumb/v6-m/crtbegin.o
 .ARM.attributes
                0x000000000000004a       0x31 Core/Src/main.o
 .ARM.attributes
                0x000000000000007b       0x31 Core/Src/stm32f0xx_it.o
 .ARM.attributes
                0x00000000000000ac       0x31 Core/Src/system_stm32f0xx.o
 .ARM.attributes
                0x00000000000000dd       0x21 Core/Startup/startup_stm32f042c4tx.o
 .ARM.attributes
                0x00000000000000fe       0x31 Drivers/STM32F0xx_HAL_Driver/Src/stm32f0xx_hal.o
 .ARM.attributes
                0x000000000000012f       0x2c c:/st/stm32cubeide_1.4.0/stm32cubeide/plugins/com.st.stm32cube.ide.mcu.externaltools.gnu-tools-for-stm32.7-2018-q2-update.win32_1.4.0.202007081208/tools/bin/../lib/gcc/arm-none-eabi/7.3.1/../../../../arm-none-eabi/lib/thumb/v6-m\libc_nano.a(lib_a-init.o)
 .ARM.attributes
                0x000000000000015b       0x1e c:/st/stm32cubeide_1.4.0/stm32cubeide/plugins/com.st.stm32cube.ide.mcu.externaltools.gnu-tools-for-stm32.7-2018-q2-update.win32_1.4.0.202007081208/tools/bin/../lib/gcc/arm-none-eabi/7.3.1/thumb/v6-m/crtn.o
OUTPUT(toggle_led.elf elf32-littlearm)

.debug_info     0x0000000000000000      0xc48
 .debug_info    0x0000000000000000      0x149 Core/Src/main.o
 .debug_info    0x0000000000000149      0x1a2 Core/Src/stm32f0xx_it.o
 .debug_info    0x00000000000002eb      0x29e Core/Src/system_stm32f0xx.o
 .debug_info    0x0000000000000589       0x22 Core/Startup/startup_stm32f042c4tx.o
 .debug_info    0x00000000000005ab      0x69d Drivers/STM32F0xx_HAL_Driver/Src/stm32f0xx_hal.o

.debug_abbrev   0x0000000000000000      0x4d6
 .debug_abbrev  0x0000000000000000       0xe1 Core/Src/main.o
 .debug_abbrev  0x00000000000000e1       0xc6 Core/Src/stm32f0xx_it.o
 .debug_abbrev  0x00000000000001a7      0x12b Core/Src/system_stm32f0xx.o
 .debug_abbrev  0x00000000000002d2       0x12 Core/Startup/startup_stm32f042c4tx.o
 .debug_abbrev  0x00000000000002e4      0x1f2 Drivers/STM32F0xx_HAL_Driver/Src/stm32f0xx_hal.o

.debug_aranges  0x0000000000000000      0x180
 .debug_aranges
                0x0000000000000000       0x20 Core/Src/main.o
 .debug_aranges
                0x0000000000000020       0x40 Core/Src/stm32f0xx_it.o
 .debug_aranges
                0x0000000000000060       0x28 Core/Src/system_stm32f0xx.o
 .debug_aranges
                0x0000000000000088       0x28 Core/Startup/startup_stm32f042c4tx.o
 .debug_aranges
                0x00000000000000b0       0xd0 Drivers/STM32F0xx_HAL_Driver/Src/stm32f0xx_hal.o

.debug_ranges   0x0000000000000000      0x138
 .debug_ranges  0x0000000000000000       0x10 Core/Src/main.o
 .debug_ranges  0x0000000000000010       0x30 Core/Src/stm32f0xx_it.o
 .debug_ranges  0x0000000000000040       0x18 Core/Src/system_stm32f0xx.o
 .debug_ranges  0x0000000000000058       0x20 Core/Startup/startup_stm32f042c4tx.o
 .debug_ranges  0x0000000000000078       0xc0 Drivers/STM32F0xx_HAL_Driver/Src/stm32f0xx_hal.o

.debug_macro    0x0000000000000000     0x1414
 .debug_macro   0x0000000000000000       0x8d Core/Src/main.o
 .debug_macro   0x000000000000008d      0xa48 Core/Src/main.o
 .debug_macro   0x0000000000000ad5       0x22 Core/Src/main.o
 .debug_macro   0x0000000000000af7       0x8e Core/Src/main.o
 .debug_macro   0x0000000000000b85       0x51 Core/Src/main.o
 .debug_macro   0x0000000000000bd6       0xef Core/Src/main.o
 .debug_macro   0x0000000000000cc5       0x6a Core/Src/main.o
 .debug_macro   0x0000000000000d2f      0x1df Core/Src/main.o
 .debug_macro   0x0000000000000f0e      0x1ae Core/Src/stm32f0xx_it.o
 .debug_macro   0x00000000000010bc      0x19a Core/Src/system_stm32f0xx.o
 .debug_macro   0x0000000000001256      0x1be Drivers/STM32F0xx_HAL_Driver/Src/stm32f0xx_hal.o

.debug_line     0x0000000000000000     0x19d4
 .debug_line    0x0000000000000000      0x3a1 Core/Src/main.o
 .debug_line    0x00000000000003a1      0x6cd Core/Src/stm32f0xx_it.o
 .debug_line    0x0000000000000a6e      0x69c Core/Src/system_stm32f0xx.o
 .debug_line    0x000000000000110a       0x9b Core/Startup/startup_stm32f042c4tx.o
 .debug_line    0x00000000000011a5      0x82f Drivers/STM32F0xx_HAL_Driver/Src/stm32f0xx_hal.o

.debug_str      0x0000000000000000    0x7ffff
 .debug_str     0x0000000000000000     0x3b12 Core/Src/main.o
                                       0x3c76 (size before relaxing)
 .debug_str     0x0000000000003b12    0x7bf7a Core/Src/stm32f0xx_it.o
                                      0x7fbc7 (size before relaxing)
 .debug_str     0x000000000007fa8c       0xb2 Core/Src/system_stm32f0xx.o
                                      0x7fbf9 (size before relaxing)
 .debug_str     0x000000000007fb3e       0x36 Core/Startup/startup_stm32f042c4tx.o
                                         0x72 (size before relaxing)
 .debug_str     0x000000000007fb74      0x48b Drivers/STM32F0xx_HAL_Driver/Src/stm32f0xx_hal.o
                                      0x80123 (size before relaxing)

.comment        0x0000000000000000       0x7b
 .comment       0x0000000000000000       0x7b Core/Src/main.o
                                         0x7c (size before relaxing)
 .comment       0x000000000000007b       0x7c Core/Src/stm32f0xx_it.o
 .comment       0x000000000000007b       0x7c Core/Src/system_stm32f0xx.o
 .comment       0x000000000000007b       0x7c Drivers/STM32F0xx_HAL_Driver/Src/stm32f0xx_hal.o

.debug_frame    0x0000000000000000      0x3e8
 .debug_frame   0x0000000000000000       0x30 Core/Src/main.o
 .debug_frame   0x0000000000000030       0x9c Core/Src/stm32f0xx_it.o
 .debug_frame   0x00000000000000cc       0x4c Core/Src/system_stm32f0xx.o
 .debug_frame   0x0000000000000118      0x2a4 Drivers/STM32F0xx_HAL_Driver/Src/stm32f0xx_hal.o
 .debug_frame   0x00000000000003bc       0x2c c:/st/stm32cubeide_1.4.0/stm32cubeide/plugins/com.st.stm32cube.ide.mcu.externaltools.gnu-tools-for-stm32.7-2018-q2-update.win32_1.4.0.202007081208/tools/bin/../lib/gcc/arm-none-eabi/7.3.1/../../../../arm-none-eabi/lib/thumb/v6-m\libc_nano.a(lib_a-init.o)
